Build profile: -w ghc-9.14.1 -O1
In order, the following will be built (use -v for more details):
 - aapms-contract-0.1.0.0 (test:aapms-contract-rules-test) (configuration changed)
 - aapms-core-0.1.0.0 (lib) (configuration changed)
 - aapms-types-0.1.0.0 (lib) (configuration changed)
 - aapms-md-0.1.0.0 (lib) (configuration changed)
 - aapms-core-0.1.0.0 (test:aapms-core-test) (configuration changed)
 - aapms-types-0.1.0.0 (test:aapms-types-test) (configuration changed)
 - aapms-store-0.1.0.0 (test:aapms-store-test) (configuration changed)
 - aapms-store-0.1.0.0 (lib) (configuration changed)
 - aapms-md-0.1.0.0 (test:aapms-md-test) (configuration changed)
 - aapms-workspace-0.1.0.0 (test:aapms-workspace-test) (configuration changed)
 - aapms-workspace-0.1.0.0 (lib) (configuration changed)
 - aapms-service-0.1.0.0 (test:aapms-service-test) (configuration changed)
 - aapms-service-0.1.0.0 (lib) (configuration changed)
Configuring test suite 'aapms-contract-rules-test' for aapms-contract-0.1.0.0...
Configuring library for aapms-core-0.1.0.0...
Preprocessing library for aapms-core-0.1.0.0...
Preprocessing test suite 'aapms-contract-rules-test' for aapms-contract-0.1.0.0...
Building test suite 'aapms-contract-rules-test' for aapms-contract-0.1.0.0...
Building library for aapms-core-0.1.0.0...
Configuring library for aapms-types-0.1.0.0...
Configuring library for aapms-md-0.1.0.0...
Configuring test suite 'aapms-core-test' for aapms-core-0.1.0.0...
Preprocessing library for aapms-types-0.1.0.0...
Building library for aapms-types-0.1.0.0...
Preprocessing test suite 'aapms-core-test' for aapms-core-0.1.0.0...
Preprocessing library for aapms-md-0.1.0.0...
Building library for aapms-md-0.1.0.0...
Building test suite 'aapms-core-test' for aapms-core-0.1.0.0...
Configuring test suite 'aapms-types-test' for aapms-types-0.1.0.0...
Configuring test suite 'aapms-store-test' for aapms-store-0.1.0.0...
Configuring library for aapms-store-0.1.0.0...
Configuring test suite 'aapms-md-test' for aapms-md-0.1.0.0...
Preprocessing test suite 'aapms-types-test' for aapms-types-0.1.0.0...
Building test suite 'aapms-types-test' for aapms-types-0.1.0.0...
Preprocessing library for aapms-store-0.1.0.0...
Preprocessing test suite 'aapms-store-test' for aapms-store-0.1.0.0...
Preprocessing test suite 'aapms-md-test' for aapms-md-0.1.0.0...
Building library for aapms-store-0.1.0.0...
Building test suite 'aapms-md-test' for aapms-md-0.1.0.0...
Building test suite 'aapms-store-test' for aapms-store-0.1.0.0...
<no location info>: warning: [GHC-32850] [-Wmissing-home-modules]
    These modules are needed for compilation but not listed in your .cabal file's other-modules for ‘aapms-store-0.1.0.0-inplace-aapms-store-test’ :
        Aapms.Store
        Aapms.Store.Atomic
        Aapms.Store.Create
        Aapms.Store.Edit
        Aapms.Store.Error
        Aapms.Store.Index
        Aapms.Store.Marker
        Aapms.Store.MultiVault
        Aapms.Store.Node
        Aapms.Store.Query
        Aapms.Store.Row
        Aapms.Store.Schema
        Aapms.Store.Tokenize
        Aapms.Store.Walk
        Aapms.Store.Write

<no location info>: warning: [GHC-32850] [-Wmissing-home-modules]
    These modules are needed for compilation but not listed in your .cabal file's other-modules for ‘aapms-store-0.1.0.0-inplace-aapms-store-test’ :
        Aapms.Store
        Aapms.Store.Atomic
        Aapms.Store.Create
        Aapms.Store.Edit
        Aapms.Store.Error
        Aapms.Store.Index
        Aapms.Store.Marker
        Aapms.Store.MultiVault
        Aapms.Store.Node
        Aapms.Store.Query
        Aapms.Store.Row
        Aapms.Store.Schema
        Aapms.Store.Tokenize
        Aapms.Store.Walk
        Aapms.Store.Write

Configuring test suite 'aapms-workspace-test' for aapms-workspace-0.1.0.0...
Configuring library for aapms-workspace-0.1.0.0...
Preprocessing test suite 'aapms-workspace-test' for aapms-workspace-0.1.0.0...
Building test suite 'aapms-workspace-test' for aapms-workspace-0.1.0.0...
Preprocessing library for aapms-workspace-0.1.0.0...
Building library for aapms-workspace-0.1.0.0...
Configuring test suite 'aapms-service-test' for aapms-service-0.1.0.0...
Configuring library for aapms-service-0.1.0.0...
Preprocessing library for aapms-service-0.1.0.0...
Preprocessing test suite 'aapms-service-test' for aapms-service-0.1.0.0...
Building library for aapms-service-0.1.0.0...
Building test suite 'aapms-service-test' for aapms-service-0.1.0.0...
build exit=0
