Build profile: -w ghc-9.14.1 -O1
In order, the following will be built (use -v for more details):
 - aapms-store-0.1.0.0 (test:aapms-store-test) (file test\Aapms\Store\BoundarySpec.hs changed)
Preprocessing test suite 'aapms-store-test' for aapms-store-0.1.0.0...
Building test suite 'aapms-store-test' for aapms-store-0.1.0.0...
<no location info>: warning: [GHC-32850] [-Wmissing-home-modules]
    These modules are needed for compilation but not listed in your .cabal file's other-modules for ‘aapms-store-0.1.0.0-inplace-aapms-store-test’ :
        Aapms.Store
        Aapms.Store.Atomic
        Aapms.Store.Create
        Aapms.Store.Edit
        Aapms.Store.Editing
        Aapms.Store.Error
        Aapms.Store.Index
        Aapms.Store.Marker
        Aapms.Store.MultiVault
        Aapms.Store.Node
        Aapms.Store.Query
        Aapms.Store.Row
        Aapms.Store.Row.Sql
        Aapms.Store.Schema
        Aapms.Store.Tokenize
        Aapms.Store.Tokenize.Internal
        Aapms.Store.Types
        Aapms.Store.Walk
        Aapms.Store.Write

[43 of 47] Compiling Aapms.Store.BoundarySpec ( test\Aapms\Store\BoundarySpec.hs, C:\Users\User\Documents\alchbees-dev\story-flow\dist-newstyle\build\x86_64-windows\ghc-9.14.1\aapms-store-0.1.0.0\t\aapms-store-test\build\aapms-store-test\aapms-store-test-tmp\Aapms\Store\BoundarySpec.o ) [Source file changed]
test\Aapms\Store\BoundarySpec.hs:147:1: warning: [GHC-38417] [-Wmissing-signatures]
    Top-level binding with no type signature:
      _contractEFunctions :: (FilePath
                              -> IO (Either StoreError VaultMarker),
                              FilePath
                              -> VaultKind -> Text -> IO (Either StoreError VaultMarker),
                              Aapms.Core.Registry.TypeRegistry
                              -> FilePath -> IO (Either StoreError (VaultHandle, [IndexIssue])),
                              VaultHandle -> IO (),
                              VaultHandle -> IO (Either StoreError [IndexIssue]),
                              VaultHandle -> IO (Either StoreError [IndexIssue]),
                              VaultHandle -> FilePath -> IO (Either StoreError [IndexIssue]),
                              VaultHandle -> FilePath -> IO (Either StoreError ()),
                              VaultHandle -> Id -> IO (Maybe Aapms.Core.AnyNode.AnyNode),
                              VaultHandle
                              -> Aapms.Core.Asset.LogicalName
                              -> IO (Maybe Aapms.Core.Asset.Asset),
                              VaultHandle -> NodeFilter -> IO [Aapms.Core.Meta.Meta],
                              VaultHandle -> Id -> IO [Aapms.Core.Meta.Meta],
                              VaultHandle -> Id -> IO [Aapms.Core.Link.Link],
                              VaultHandle
                              -> Aapms.Core.Id.Ref
                              -> IO [(Aapms.Core.Meta.Meta, Aapms.Core.Link.Link)],
                              VaultHandle -> IO Aapms.Core.Link.LinkGraph,
                              VaultHandle -> SearchQuery -> IO SearchResult,
                              [VaultHandle] -> IO (Either StoreError VaultSet),
                              VaultSet
                              -> Aapms.Core.Id.VaultId
                              -> Aapms.Core.Id.Ref
                              -> IO (Maybe (Aapms.Core.Id.VaultId, Aapms.Core.AnyNode.AnyNode)),
                              VaultSet
                              -> NodeFilter
                              -> IO [(Aapms.Core.Id.VaultId, Aapms.Core.Meta.Meta)],
                              VaultSet -> SearchQuery -> IO SearchResult,
                              VaultSet -> VaultHandle -> IO [DanglingRef], VaultSet -> IO (),
                              VaultSet -> [Aapms.Core.Id.VaultId], Int,
                              VaultHandle
                              -> Aapms.Core.Registry.TypeRegistry
                              -> Aapms.Store.Types.NewEntity
                              -> IO (Either StoreError CreateResult),
                              VaultHandle
                              -> Aapms.Core.Registry.TypeRegistry
                              -> Aapms.Store.Types.NewLevel
                              -> IO (Either StoreError CreateResult),
                              VaultHandle
                              -> Aapms.Store.Types.NewPack
                              -> [Aapms.Md.Section.NewSection]
                              -> IO (Either StoreError CreateResult),
                              VaultHandle
                              -> Id
                              -> SectionPlacement
                              -> Aapms.Md.Section.NewSection
                              -> IO (Either StoreError CreateResult),
                              VaultHandle
                              -> Id
                              -> Revision
                              -> (Aapms.Md.Section.MetaOverride -> Aapms.Md.Section.MetaOverride)
                              -> IO (Either StoreError WriteResult),
                              VaultHandle
                              -> Id
                              -> Revision
                              -> Write.AssetPatch
                              -> IO (Either StoreError WriteResult),
                              VaultHandle
                              -> Id -> Revision -> Text -> IO (Either StoreError WriteResult),
                              VaultHandle
                              -> Id
                              -> Revision
                              -> Aapms.Core.Link.Link
                              -> IO (Either StoreError WriteResult),
                              VaultHandle
                              -> Id
                              -> Revision
                              -> Aapms.Core.Link.Link
                              -> IO (Either StoreError WriteResult),
                              VaultHandle
                              -> Aapms.Core.License.License
                              -> IO (Either StoreError WriteResult),
                              VaultHandle
                              -> Id
                              -> Revision
                              -> DeleteMode
                              -> IO (Either StoreError DeleteResult),
                              VaultHandle
                              -> Aapms.Core.Id.IdPrefix
                              -> Text
                              -> time-1.15:Data.Time.Clock.Internal.UTCTime.UTCTime
                              -> IO (Either StoreError Id))
    |
147 | _contractEFunctions =
    | ^^^^^^^^^^^^^^^^^^^

test\Aapms\Store\BoundarySpec.hs:187:1: warning: [GHC-40910] [-Wunused-top-binds]
    Defined but not used:
      type constructor or class ‘ContractETypesCheck’
    |
187 | type ContractETypesCheck =
    | ^^^^^^^^^^^^^^^^^^^^^^^^^^...

<no location info>: warning: [GHC-32850] [-Wmissing-home-modules]
    These modules are needed for compilation but not listed in your .cabal file's other-modules for ‘aapms-store-0.1.0.0-inplace-aapms-store-test’ :
        Aapms.Store
        Aapms.Store.Atomic
        Aapms.Store.Create
        Aapms.Store.Edit
        Aapms.Store.Editing
        Aapms.Store.Error
        Aapms.Store.Index
        Aapms.Store.Marker
        Aapms.Store.MultiVault
        Aapms.Store.Node
        Aapms.Store.Query
        Aapms.Store.Row
        Aapms.Store.Row.Sql
        Aapms.Store.Schema
        Aapms.Store.Tokenize
        Aapms.Store.Tokenize.Internal
        Aapms.Store.Types
        Aapms.Store.Walk
        Aapms.Store.Write

[48 of 48] Linking C:\Users\User\Documents\alchbees-dev\story-flow\dist-newstyle\build\x86_64-windows\ghc-9.14.1\aapms-store-0.1.0.0\t\aapms-store-test\build\aapms-store-test\aapms-store-test.exe [Objects changed]
Running 1 test suites...
Test suite aapms-store-test: RUNNING...

lawful P027
  P-027#LAW-1
    切出來的每個 token 只由中日韓字元組成,長度是 1 或 2 [✔]
      passed 100 tests.
  P-027#LAW-2
    每個中日韓字元都以一個長度 1 的 token 依原文順序出現 [✔]
      passed 100 tests.
  P-027#LAW-3
    長度 2 的 token 一定落在某一個中日韓連續段裡,不跨段 [✔]
      passed 100 tests.
  P-027#LAW-4
    bigram 的個數是每一段長度減一的總和 [✔]
      passed 100 tests.
  P-027#LAW-5
    不含中日韓字元的文字切出來是空的,分段也是空的 [✔]
      passed 100 tests.
  P-027#LAW-6
    hasCjk 就是「有中日韓字元」,也等價於分段非空 [✔]
      passed 100 tests.
  P-027#LAW-7
    六欄是純投影:標題與總結逐字,別名與標籤以單一空白接起來 [✔]
      passed 100 tests.
  P-027#LAW-8
    一列的兩份內容:trigram 側是原文,cjk 側是逐欄預切,列的身分是節點 id [✔]
      passed 100 tests.
  P-027#LAW-9
    預切是逐欄套用同一個 cjkSegment [✔]
      passed 100 tests.
  P-027#LAW-10
    路由只看去頭尾空白後的字串 [✔]
      passed 100 tests.
  P-027#LAW-11
    兩個 MATCH 運算式的有無與路由一致 [✔]
      passed 100 tests.
  P-027#LAW-12
    字面字串首尾加雙引號;片語是空白正規化後的字面字串 [✔]
      passed 100 tests.
  P-027#LAW-13
    去頭尾空白後為空的查詢誰都不命中 [✔]
      passed 100 tests.
  P-027#LAW-14
    一個詞命中 = 它不分大小寫是六欄原文之一的子字串,且長度至少三個字元 [✔]
      passed 100 tests.
  P-027#LAW-15
    一段中日韓命中 = 它以連續子字串出現在六欄原文之一 [✔]
      passed 100 tests.
  P-027#LAW-16
    只查 trigram 時,命中就是「查詢的每一個詞都命中」 [✔]
      passed 100 tests.
  P-027#LAW-17
    只查 cjk 時,命中就是「查詢的每一個中日韓連續段都命中」 [✔]
      passed 100 tests.
  P-027#LAW-18
    兩張都查時,任一邊命中就算命中 [✔]
      passed 100 tests.
  P-027#LAW-19
    純 ASCII 的查詢不分大小寫 [✔]
      passed 100 tests.
  P-027#LAW-20
    純 ASCII 的一、二字元查詢在雙索引下必定不命中 [✔]
      passed 100 tests.
  P-027#EX-1
    空字串、純 ASCII、單一中文 [✔]
  P-027#EX-2
    unigram 在前、bigram 在後 [✔]
  P-027#EX-3
    不產生跨段的「灣日」 [✔]
  P-027#EX-4
    二字詞;長度 1 的 token 串起來是原文 [✔]
  P-027#EX-5
    四種查詢文字的路由 [✔]
  P-027#EX-6
    運算式的有無與三條路由一致 [✔]
  P-027#EX-7
    字面字串與片語 [✔]
  P-027#EX-8
    Level 與 Node 沒有正文,非 asset 沒有邏輯名稱 [✔]
  P-027#EX-9
    別名與標籤以單一空白接起來 [✔]
  P-027#EX-10
    一列的兩份內容 [✔]
  P-027#EX-11
    二字中文命中(契約卡驗收標準) [✔]
  P-027#EX-12
    判斷對象是去頭尾空白後的字串 [✔]
  P-027#EX-13
    空查詢一律不命中 [✔]
  P-027#EX-14
    英文子字串走 trigram,不分大小寫,- 不被當成運算子 [✔]
  P-027#EX-15
    純 ASCII 二字查詢必定不命中 [✔]
  P-027#EX-16
    每個詞都要出現 [✔]
  P-027#EX-17
    兩張都查時任一邊命中就算命中 [✔]
  P-027#EX-18
    四字查詢走兩張表,cjk 那一側命中 [✔]
  P-027#EX-19
    每一段中日韓要以連續子字串出現 [✔]
  P-027#EX-20
    段與段之間是 AND,段內才要求連續 [✔]
aapms-store 骨架
  可 import aapms-core,證明 store → core 的依賴方向已接上 [✔]
SQLite 建置環境
  direct-sqlite 已編入 FTS5 且支援 trigram tokenizer [✔]
  查詢字串少於 3 個字元時 trigram 不命中(已知限制) [✔]
graph-core/F006+F007+F008 cabal 範圍
  aapms-store.cabal 原始碼列出 Index/Query/Row/Tokenize/Create/Edit/Node/Write 與 aapms-md 依賴 [✔]
graph-core/F005+F006 門面模組
  從 Aapms.Store(而非個別子模組)可以 import 並呼叫 openVault/initVaultAt/rebuildIndex/listNodes [✔]
STEP-3 atomicWriteText
  寫入後內容正確、UTF-8 且不加 BOM [✔]
  覆蓋既有檔案成功(Windows 的關鍵驗證) [✔]
  寫入後目錄下沒有殘留的暫存檔 [✔]
  寫入失敗時回 FileWriteFailed(父目錄不存在) [✔]
  目標是既有目錄時回 FileWriteFailed,原內容不變且不留暫存檔 [✔]
graph-core/F005 StoreError
  六個建構子的訊息
    VaultMarkerMissing 的訊息非空、含中文、且不含原始 show 痕跡 [✔]
    VaultMarkerInvalid 的訊息非空、含中文、且不含原始 show 痕跡 [✔]
    VaultAlreadyInitialized 的訊息非空、含中文、且不含原始 show 痕跡 [✔]
    FileReadFailed 的訊息非空、含中文、且不含原始 show 痕跡 [✔]
    FileWriteFailed 的訊息非空、含中文、且不含原始 show 痕跡 [✔]
    SqliteError 的訊息非空、含中文、且不含原始 show 痕跡 [✔]
  每一則都說得出下一步該做什麼 [✔]
  VaultMarkerMissing 提到 vault init [✔]
  VaultMarkerInvalid 把指出的欄位訊息原樣帶出來 [✔]
  VaultAlreadyInitialized 帶出路徑 [✔]
graph-core/F005 schema
  graph-core/F007: 15 張表全建齊(不含 FTS5 影子表),schemaVersion(3)寫入 meta_info [✔]
  STEP-1: renderIndexIssue 對三個新建構子輸出非空、含中文、指出檔案路徑 [✔]
  foreign_keys / journal_mode / busy_timeout 三個 PRAGMA 符合預期 [✔]
  全新索引檔回報一筆 SchemaRebuilt Nothing schemaVersion [✔]
  schema_version 被改成舊值後重新開啟會整庫重建並回報 [✔]
  openIndexAt 完成後 meta_info 含正確的 vault_id/vault_kind/vault_name [✔]
  VaultKind
    renderVaultKind / parseVaultKind 互為反函式 [✔]
    parseVaultKind 對其餘字串回 Nothing [✔]
  renderIndexIssue
    非空、含新舊版本 [✔]
graph-core/F005 vault marker
  initVaultAt
    寫出 .aapms/config.toml 與空索引,四欄可被 readMarker 讀回 [✔]
    對已有 marker 的目錄再次呼叫是錯誤,且不覆寫原有 config [✔]
  readMarker
    目錄沒有 marker 時回 VaultMarkerMissing,且不建立任何檔案 [✔]
    缺少 id 時回 VaultMarkerInvalid,訊息含 id [✔]
    id 前綴不對時回 VaultMarkerInvalid,訊息含 id [✔]
    缺少 kind 時回 VaultMarkerInvalid,訊息含 kind [✔]
    kind 值不對時回 VaultMarkerInvalid,訊息含 kind [✔]
    缺少 name 時回 VaultMarkerInvalid,訊息含 name [✔]
  openVault / closeVault
    對合法 marker 開起 handle,關閉後連線失效 [✔]
    openVault 把呼叫端給的 TypeRegistry 原樣放進 vhRegistry(DEC-9) [✔]
  沒有任何程式路徑探測或讀中樞註冊表(驗收標準 6)
    Marker.hs 原始碼不含探測相關字串 [✔]
  indexTables(graph-core/F007 擴充後)
    15 張表(F006 的 12 張 + F007 的 fts_tri/fts_cjk/fts_map),meta_info 仍是第一張,fts_map 是最後一張 [✔]
  graph-core/E002 initVaultAtWith
    回歸 law(REG-1-REG-5:initVaultAt 的現有行為不得變動)
      REG-1: 任意空目錄/kind/非空 name,initVaultAt 成功後 config.toml 讀回的四欄符合 [✔]
        passed 100 tests.
      REG-2a: 已有 marker 的目錄再次呼叫 initVaultAt 回 VaultAlreadyInitialized,且底下每個檔案逐位元組不變 [✔]
        passed 100 tests.
      REG-2b: 已有 marker 的目錄呼叫 initVaultAtWith 同樣回 VaultAlreadyInitialized,且底下每個檔案逐位元組不變(骨架未實作,預期紅) [✔]
        passed 100 tests.
      REG-3: initVaultAt 成功後 index.db 存在,且 openVault 開得起來 [✔]
      REG-4: initVaultAt 的型別簽名逐字等於 FilePath -> VaultKind -> Text -> IO (Either StoreError VaultMarker)(骨架原文自身承載) [✔]
      REG-5: 同一個 name 連續兩次呼叫 initVaultAt(不同空目錄),vmId 不同 [✔]
        passed 100 tests.
    新 law(LAW-1-LAW-5:initVaultAtWith,骨架未實作,預期紅)
      LAW-1: 任意 kind/name/t,兩個不同空目錄各呼叫一次 initVaultAtWith,vmId 相同 [✔]
        passed 100 tests.
      LAW-2: initVaultAtWith 成功時 vmId == VaultId (renderId (newId PVlt name t 0)) [✔]
        passed 100 tests.
      LAW-3: initVaultAt 與 initVaultAtWith(任意 t)的結果除 vmId 外逐欄相同,落地檔案相對路徑集合一致 [✔]
        passed 100 tests.
      LAW-4: initVaultAt 對父層被一般檔案佔住的路徑不拋 IOException [✔]
      LAW-4b: initVaultAtWith 對父層被一般檔案佔住的路徑不拋 IOException [✔]
      EX-5/LAW-5: 父層被一般檔案佔住,initVaultAt 回 Left (FileWriteFailed (markerDir root) msg),msg 非空,不拋例外 [✔]
    Examples(EX-2/EX-3/EX-6:骨架未實作,預期紅)
      EX-2: 兩個不同空目錄、同 StoryVault/"liftgame"/同一個 t,各呼叫一次 initVaultAtWith,兩次都 Right 且 vmId 相同 [✔]
      EX-3: initVaultAtWith d StoryVault "liftgame" t 的 vmId == VaultId (renderId (newId PVlt "liftgame" t 0)) [✔]
      EX-6: 同 EX-5,改呼叫 initVaultAtWith … t,回傳與 initVaultAt 的 Left 逐欄相同 [✔]
graph-core/F006 Index
  STEP-3: vaultMarkdownFiles
    略過 . 開頭目錄與非 .md 檔,只回排序後的 .md 相對路徑 [✔]
  STEP-14: fixture 健檢
    story vault 與 asset vault 的全部檔案能被 parseDocument + 對應 to* 成功解析 [✔]
  STEP-4: indexOne(經 indexFile 驗證,兩者對單檔行為一致)
    story vault 的主題檔索引後,nodes 有主體(owner NULL)+ 片段(owner = 主體 id) [✔]
    asset vault 的 pack.md 索引後,nodes/assets 有 pack(owner NULL)+ 全部 asset(owner = pack id),含 status = missing 的那筆 [✔]
    父節點不存在的 Level fixture 索引結果含 TreeInvalid,nodes 沒有該檔案的殘留 [✔]
    YAML 壞掉的檔案索引結果含 ParseFailed,nodes 沒有殘留 [✔]
    兩個不同檔案的 asset 撞同一個 name,後索引的整檔回滾並回 DuplicateAssetName,先索引的保留 [✔]
  STEP-5: indexFile / unindexFile
    對已索引的檔案改內容後重新 indexFile,舊記錄被整檔替換而非疊加 [✔]
    unindexFile 後該檔案的 nodes/assets/links/node_tags 等全部記錄消失,files 也消失 [✔]
    對不存在的路徑呼叫 unindexFile 不報錯 [✔]
graph-core/F006 rebuildIndex
  STEP-6: story vault 與 asset vault 各跑兩次 rebuildIndex,listNodes/linksFrom/childrenOf 結果相同 [✔]
  STEP-6: fixture 混入一個解析失敗的檔案,rebuildIndex 仍把其餘檔案正確索引且回傳含該筆 IndexIssue [✔]
graph-core/F006 過時偵測與 rm index.db 等價
  STEP-7: rm index.db 後 openVault + rebuildIndex 與刪除前的 listNodes/linksFrom 結果相同 [✔]
  STEP-7: 只改一個檔案的 mtime/size,refreshStale 只重讀那一個,其餘檔案不受影響 [✔]
  STEP-7: 索引後刪除磁碟上一個檔案,refreshStale 把該檔案的記錄移除 [✔]
graph-core/F006 Query
  STEP-8: NodeFilter
    nfStatus = [] 排除 status = missing 的 asset,[Missing] 才回 [✔]
    nfNamedOnly = True 只回 assets.name 非 NULL 的節點 [✔]
    pack 路徑含 library/reference/ 的 fixture 預設被排除,nfIncludeReference = True 才回 [✔]
    nfPrefixes/nfTypes/nfTags 組合驗證交集語意 [✔]
  STEP-12: linksFrom / linksTo / loadLinkGraph
    story vault 兩條關聯:linksFrom 依來源查、linksTo 依目標查(含 Meta 正確)、loadLinkGraph 一致 [✔]
    空 vault 的 loadLinkGraph 不炸(asset vault 內全部關聯只在 links 欄位有值時才進圖) [✔]
graph-core/F006 lookupNode / lookupByName / childrenOf
  STEP-9: lookupNode 七種 prefix
    PEnt(主體):回 NEntity,body 來自檔案的 docPreamble [✔]
    PEnt(片段):回 NEntity,body 來自該節 [✔]
    PAst:回 NAsset,索引欄位(name/sha256/entry)與回讀的 body 都正確 [✔]
    PPck:回 NPack,body 為容器的 docPreamble [✔]
    PLic:回 NLicense,純索引查詢(不回讀檔案) [✔]
    PLvl:回 NLevel,lvlRoot 正確 [✔]
    PNod:回 NNode,nodParent/nodOrder/nodKind/nodEntities 正確 [✔]
    vlt-/prj- 開頭的 id 回 Nothing [✔]
  STEP-10: lookupByName
    已命名的 asset 查得到,未命名或不存在的名稱回 Nothing [✔]
  STEP-11: childrenOf
    對 pack id 回全部 asset、對主體 entity id 回全部片段,對沒有子節點的 id 回 [] [✔]
graph-core/F006 Row
  STEP-2: nodeFields 寫入 nodes + 附屬表後,hydrateMeta 讀回的 Meta 與原值相等 [✔]
  STEP-2: parseDocKind . renderDocKind 對四種 DocKind 是 identity [✔]
graph-core/F007 Tokenize
  LAW-1-LAW-6: 字元判定與 CJK 預切(純函式)
    LAW-1: cjkSegment 的每個 token 只由 isCjk 為真的字元組成,長度 1 或 2 [✔]
      passed 100 tests.
    LAW-2: 原文每個 CJK 字元都以一個長度 1 的 token 依序出現在 cjkSegment 裡 [✔]
      passed 100 tests.
    LAW-3: 長度 2 token 的多重集合 = 對每段 cjkRuns 取相鄰重疊字元對的多重集合 [✔]
      passed 100 tests.
    LAW-5: 不含 CJK 字元的文字(含空字串),cjkSegment 為空、hasCjk 為否 [✔]
      passed 100 tests.
    LAW-6: hasCjk t == T.any isCjk t == not (null (cjkRuns t)) [✔]
      passed 100 tests.
  LAW-7/LAW-8: 六欄投影(對 fixture vault 裡的每個既有節點逐一驗證。AnyNode/Meta/Entity/Asset 等 core 型別未給 deriving 子句,不確定有沒有 Show,避免依賴 hedgehog forAll 的 Show 限制,改用窮舉)
    LAW-7: rawFtsText 的 ftTitle/ftSummary/ftAliases/ftTags/ftName/ftBody 符合投影規則 [✔]
    LAW-8: ftsRowOf 的 frTri 是原文、frCjk 是 segmentFtsText 的結果 [✔]
    LAW-8: segmentFtsText 的每一欄等於對應欄套用 cjkSegment 的結果 [✔]
      passed 100 tests.
  LAW-9-LAW-11: 查詢路由與 MATCH/字面字串運算式
    LAW-9: usesTrigram/usesCjk 由 strip 後的字串長度與 hasCjk 決定 [✔]
      passed 100 tests.
    LAW-10: cjkMatchExpr/triMatchExpr 的 Just 條件 [✔]
      passed 100 tests.
    LAW-11: ftsQuoted 首尾各一個雙引號、內容跳脫;ftsPhrase == ftsQuoted . unwords . words [✔]
      passed 100 tests.
  Examples
    EX-1: cjkSegment "金門建築" == "金 門 建 築 金門 門建 建築" [✔]
    EX-2: cjkSegment "台灣 日本" == "台 灣 日 本 台灣 日本"(bigram 不跨越空白) [✔]
    EX-3: 純 ASCII / 空字串 / 單一 CJK 字元 [✔]
    EX-4: routeOf 三條路由各一 [✔]
    EX-5: ftsQuoted 的 "-" 不被當 NOT、雙引號加倍跳脫 [✔]
graph-core/F007 search
  LAW-12-LAW-15/LAW-19/LAW-24: search 的通用行為(property)
    LAW-12: 無文字條件(Nothing 或去頭尾空白後為空字串)時退化成 listNodes,分數與片段皆為預設值 [✔]
      passed 100 tests.
    LAW-13: 有文字條件時,每筆命中的 shScore > 0 [✔]
      passed 100 tests.
    LAW-14: 命中節點 id 兩兩相異、分數非遞增、同分時 id 遞增、重複查詢逐筆相同 [✔]
      passed 100 tests.
    LAW-15: srTotal 與分頁無關,srTotal >= 命中數,命中數 <= nfLimit [✔]
      passed 100 tests.
    LAW-19: 每筆 shVault 等於本 vault 的 vmId [✔]
      passed 100 tests.
    LAW-24: 純 ASCII 查詢字串,search 對 t 與對 T.toUpper t 回相同的 srHits [✔]
      passed 100 tests.
  LAW-20-LAW-22: 索引維護與 search 的一致性
    LAW-20: 對同一檔案連續 indexFile 兩次,search vh q 的結果與只做一次時相同 [✔]
    LAW-21: unindexFile 之後,該檔案的節點不再出現在任何 search 結果的 srHits 裡 [✔]
    LAW-22: schema_version 被改壞後重開 + rebuildIndex,search 結果不變且回報一筆 SchemaRebuilt [✔]
  Examples
    EX-6: 二字中文"藥水"命中含"魔法藥水瓶"的節點,snippet 含"藥水"(契約卡驗收標準) [✔]
    EX-7: 二字中文"琳達"命中同名角色主體(契約卡驗收標準) [✔]
    EX-8: 英文子字串"travel-book"命中 name 含該字串的 asset("-" 不被當運算子) [✔]
    EX-9: 三字以上中文"魔法藥水"走 trigram 並有分數 [✔]
    EX-10: 節點的 title 同時含"藥水"與 potion,查詢"藥水 potion" 只回一筆 [✔]
    EX-12: emptySearchQuery 退化成純結構查詢 [✔]
    EX-13: 查無此文字時 srHits 為空、srTotal 為 0,不是錯誤 [✔]
    EX-14: 純 ASCII 二字查詢"ui"因雙索引的已知代價回空結果(LIKE 已退場) [✔]
graph-core/F007 facet
  LAW-16: sqFacets 控制 srFacets 的 Just/Nothing;True 時 fcVaults 恰一筆,等於本 vault 的 vmId、計數等於 srTotal [✔]
    passed 100 tests.
  LAW-17: facet 計數不受該 facet 自己的過濾條件影響(nfTypes/nfTags/nfOwner/nfLicense) [✔]
    passed 100 tests.
  LAW-18: fcTags/fcTypes/fcOwners/fcLicenses 每一筆的計數,等於疊加該值後的 listNodes 筆數(facet 受其他條件影響,不受自己影響) [✔]
  EX-11: 有資料的 vault 開 facet,五個維度皆非空,fcVaults 恰一筆 [✔]
graph-core/F008 LAW-15 renderStoreError 涵蓋 StoreError 全部 21 個建構子
  LAW-15(非空):既有 6 個(F005,骨架已實作,應為綠)
    VaultMarkerMissing 的 renderStoreError 非空 [✔]
    VaultMarkerInvalid 的 renderStoreError 非空 [✔]
    VaultAlreadyInitialized 的 renderStoreError 非空 [✔]
    FileReadFailed 的 renderStoreError 非空 [✔]
    FileWriteFailed 的 renderStoreError 非空 [✔]
    SqliteError 的 renderStoreError 非空 [✔]
  LAW-15(非空):新增 15 個(F008,骨架 undefined,應為紅)
    NodeNotFound 的 renderStoreError 非空 [✔]
    SectionMissing 的 renderStoreError 非空 [✔]
    RevisionMismatch 的 renderStoreError 非空 [✔]
    MdWriteFailed 的 renderStoreError 非空 [✔]
    TreeInvalidOnWrite 的 renderStoreError 非空 [✔]
    IndexUpdateFailed 的 renderStoreError 非空 [✔]
    FileAlreadyExists 的 renderStoreError 非空 [✔]
    RegistryDirUnknown 的 renderStoreError 非空 [✔]
    NotAnAsset 的 renderStoreError 非空 [✔]
    NotALicense 的 renderStoreError 非空 [✔]
    BadSectionPayload 的 renderStoreError 非空 [✔]
    LinkNotFound 的 renderStoreError 非空 [✔]
    ReferencedBy 的 renderStoreError 非空 [✔]
    CannotDeleteRootNode 的 renderStoreError 非空 [✔]
    NodeDepthExceeded 的 renderStoreError 非空 [✔]
  LAW-15(含以「請」起頭的子句,全部 21 個建構子一視同仁,無例外——2026-08-25 GAP-7 裁決)
    VaultMarkerMissing 含以「請」起頭的子句 [✔]
    VaultMarkerInvalid 含以「請」起頭的子句 [✔]
    VaultAlreadyInitialized 含以「請」起頭的子句 [✔]
    FileReadFailed 含以「請」起頭的子句 [✔]
    FileWriteFailed 含以「請」起頭的子句 [✔]
    SqliteError 含以「請」起頭的子句 [✔]
    NodeNotFound 含以「請」起頭的子句 [✔]
    SectionMissing 含以「請」起頭的子句 [✔]
    RevisionMismatch 含以「請」起頭的子句 [✔]
    MdWriteFailed 含以「請」起頭的子句 [✔]
    TreeInvalidOnWrite 含以「請」起頭的子句 [✔]
    IndexUpdateFailed 含以「請」起頭的子句 [✔]
    FileAlreadyExists 含以「請」起頭的子句 [✔]
    RegistryDirUnknown 含以「請」起頭的子句 [✔]
    NotAnAsset 含以「請」起頭的子句 [✔]
    NotALicense 含以「請」起頭的子句 [✔]
    BadSectionPayload 含以「請」起頭的子句 [✔]
    LinkNotFound 含以「請」起頭的子句 [✔]
    ReferencedBy 含以「請」起頭的子句 [✔]
    CannotDeleteRootNode 含以「請」起頭的子句 [✔]
    NodeDepthExceeded 含以「請」起頭的子句 [✔]
  EX-16: renderStoreError (VaultMarkerMissing "/tmp/v") 非空,且含以「請」起頭的子句 [✔]
  EX-17: renderStoreError (SqliteError "no such table: nodes") 逐字等於新原文(GAP-7 裁決要改的既有訊息;改之前為紅,改完轉綠) [✔]
  LAW-15 涵蓋的範圍是 StoreError 全部 21 個建構子(對帳用計數) [✔]
graph-core/F008 Aapms.Store.Node (內部模組) + sanitizeFileName
  LAW-21: headingDepthFor
    對 goodLevelMd 裡每一個實際存在的節點,結果等於 secLevel + 1(或超過六級時回 NodeDepthExceeded) [✔]
    父節點不在文件裡時回 Left (SectionMissing _ p) [✔]
    EX-14 對應:六級標題(最深)底下再插入,回 NodeDepthExceeded _ 7 [✔]
  LAW-22: subtreeIds 與 subtreeAfter 一致
    對文件裡每一個實際節點與一個不存在的 id 都滿足 subtreeIds == i : map secId (subtreeAfter …),且子樹每節 secLevel 都嚴格大於 i 的 secLevel [✔]
    序幕(根,2級)的子樹依序是開場、深一、深二、最深、收束(五節皆在其後且 secLevel > 2) [✔]
    開場(3級)的子樹是深一、深二、最深(收束是它的兄弟,3級不 >3,不算子節點) [✔]
    收束(3級,檔尾)的子樹為空 [✔]
  LAW-23: validateLevelDoc 等價於「toLevel 成功且 buildTree 回 Right」
    合法的 Level 檔:validateLevelDoc 回 Right () [✔]
    雙根的 Level 檔:validateLevelDoc 回 Left (TreeInvalidOnWrite _ _) [✔]
  LAW-24 / EX-18: isRootNode 的三種結果(2026-08-25 GAP-9 裁決)
    EX-18 之一:id 是根(序幕,文件裡第一個節)→ Right True [✔]
    EX-18 之二:id 存在但不是根(開場)→ Right False [✔]
    EX-18 之三:id 不在文件裡 → Left (SectionMissing path id),不是 Right False(與 headingDepthFor 對稱) [✔]
    LAW-24:對文件裡每一個實際節點,isRootNode 恰為 Right (secId == 該檔第一個節的 id) [✔]
  LAW-20 / EX-11 / EX-19 / EX-20 / EX-21: sanitizeFileName(2026-08-25 GAP-13 裁決:替換策略,清空定義收窄)
    EX-11: sanitizeFileName "第一章: 序幕 " "ent-7f3b2a91" == "第一章- 序幕" [✔]
    EX-19: 全空白 / 全句點的 t 才算被清空 → 回 fb [✔]
    EX-20: 全非法字元 → 對應數量的 "-"(不是 fb;GAP-13 裁決的分岔點) [✔]
    EX-21: 只含合法字元、無頭尾空白/句點時逐字回傳(含詞中空白) [✔]
    LAW-20 第 2 條:t 的每個字元都是空白或句點時(機械定義的「被清空」),結果等於 fb [✔]
      passed 100 tests.
    LAW-20 第 4 條:t 只含合法字元且無頭尾空白/句點時結果等於 t [✔]
      passed 100 tests.
    LAW-20 第 1 條:對任意 t 與合法 fb,結果不含非法字元/控制字元,且不以空白或句點開頭/結尾 [✔]
      passed 100 tests.
    LAW-20 第 3 條:t 只由非法字元組成時,r 是對應數量的 "-"(不算被清空,不回 fb) [✔]
      passed 100 tests.
graph-core/F008 Aapms.Store.Edit(內部模組)
  LAW-1(部分): checkRevision
    r == a 時回 Right () [✔]
    r /= a 時回 Left (RevisionMismatch i r a) [✔]
    對任意 i、r、a:checkRevision i r a == Right () 若且唯若 r == a,否則為 Left (RevisionMismatch i r a) [✔]
      passed 100 tests.
  LAW-19: sectionBodyRaw
    對任意非空白 t 與行尾風格 le:sectionBodyRaw le t 以 renderLineEnding le 開頭且結尾,且 strip 後等於 T.strip t [✔]
      passed 100 tests.
  LAW-2 / LAW-16 / LAW-18(直接呼叫 commit)
    commit 寫入 renderDocument 的位元組、回傳的 wrRevision 與傳入值一致,且 files 表裡其他檔案的 (path, mtime, size) 不變 [✔]
graph-core/F008 Aapms.Store.Create
  EX-1 / LAW-10: createTopicFile
    EX-1: 落點依註冊表 dir,crPath = characters/琳達.md,crRevision = Revision 1,toTopic 解得 metaTitle == 琳達 [✔]
    LAW-10: 對已知型別建檔,crPath 以該 dir 為前綴、以 .md 結尾;未知型別回 Left (RegistryDirUnknown t) 且不新增任何檔案 [✔]
  EX-2 / LAW-11: createLevelFile
    EX-2: 產生 levels/第一章.md;toLevel 回 Level 與恰好一個 Node,lvlRoot == 該 Node 的 metaId,根節點標題層級為 2 [✔]
    LAW-11: 對多組標題,crPath 皆以 levels/ 為前綴,toLevel 成功、恰有一個 Node [✔]
  EX-3 / LAW-9: createPackFile
    EX-3: [sA,sB,sC](皆 NSAsset)保留給定順序 [✔]
    LAW-9: 對不同長度/順序的 [NewSection],toPack 解回的 asset 順序與長度都等於給定的 xs [✔]
  LAW-25 / EX-22: createPackFile 的 pack 專屬七欄往返(GAP-17,現在會紅,見模組說明)
    EX-22: 七個 pack 專屬欄位全給非預設值,重讀後 toPack 解出的 Pack 七欄逐欄等於傳入的 NewPack [✔]
  LAW-12a: addSection AtEnd 追加在檔尾、不動前面既有節(GAP-14 裁決:插入點前一段允許 blankTail 補行尾)
    對主題檔追加一個片段:插入點之前的既有節(ent-00000003)至多差在補行尾,更早的節(ent-00000002)逐位元組不變,新節排在最後,toTopic 仍成功 [✔]
  EX-10: addSection payload 與文件種類不符
    對 pack.md 傳 NSFragment payload,回 Left (BadSectionPayload (nsId s) PackDoc),檔案不變 [✔]
  LAW-12b / EX-12 / LAW-12c / EX-13 / EX-14: addSection UnderParent
    EX-12/LAW-12b: 插在「開場」之後、「收束」之前;nsLevel(呼叫端故意給 2)被 headingDepthFor 推導的 4 覆寫;插入點之後逐位元組不變,插入點前一段(開場)至多差在補行尾 [✔]
    EX-13: 父節點不在檔案裡,回 Left (SectionMissing path p),檔案不變 [✔]
    EX-14: 父節點已是六級標題,回 Left (NodeDepthExceeded p 7),檔案不變 [✔]
  EX-8: deleteNode 根 Node 刪不得(兩種模式皆擋)
    DeleteSafe 與 DeleteForce 皆回 Left (CannotDeleteRootNode root),檔案不變 [✔]
  LAW-13: deleteNode 的兩種模式(以主題檔的檔案層主體為目標)
    DeleteSafe 對被引用的目標回 Left (ReferencedBy …) 且檔案不變;DeleteForce 照刪,drRemovedIds/drBrokenLinks 正確,檔案消失 [✔]
graph-core/F008 Aapms.Store.Write
  EX-5 / LAW-1 / LAW-2 / LAW-3: writeMeta
    revision 不符時拒絕且檔案不變;revision 相符時 +1、重讀相符、其他節位元組不變 [✔]
  locate(經由 writeMeta 間接驗證,見 Aapms.Store.EditSpec 對 locate 的說明)
    目標 id 不在索引裡時,回 Left (NodeNotFound i) [✔]
  EX-4 / LAW-4 / LAW-5: writeAssetFields
    三態語意(不動/清空/設值)正確,且 sha256/entry/ext/kindMeta/body 全程不變 [✔]
  EX-9 / LAW-3: writeBody
    換掉 asset 節的正文,不吃掉 sha256/entry 等 payload 欄位,其他節位元組不變 [✔]
  LAW-6 / LAW-7 / EX-7: addLink / removeLink
    LAW-6: addLink 再 removeLink 同一筆關聯後,linksFrom 回到最初;檔案位元組除 revision/updated 外不變 [✔]
    EX-7/LAW-7: removeLink 對沒有的關聯回 Left (LinkNotFound i l),檔案不變 [✔]
  LAW-8: upsertLicense
    讀回相等(除 licMeta 的 metaRevision/metaUpdated 與 licFullText 外);對同一個 id 呼叫兩次節數不變 [✔]
  LAW-14 / EX-6 / EX-15 / LAW-14b: allocateId(2026-08-25 GAP-8 裁決:t 是明碼參數)
    LAW-14: 固定同一個 t,連續呼叫 3 次(每次把結果寫進索引)全部成功、互異、idPrefix 皆等於 prefix [✔]
    EX-6: 索引裡已存在 newId p c t 0 / newId p c t 1(同一個 t),allocateId vh p c t 回 Right (newId p c t 2) [✔]
    EX-15/LAW-14b: nodes 表被 DROP 掉時,allocateId 回 Left (SqliteError _),不是 Right [✔]
graph-core/F008 LAW-17 ADR-022 寫鎖預算(結構約束,可讀原始碼判定)
  四個檔案的程式碼(排除 -- 註解)withTransaction 出現 0 次,不出現字面量 "BEGIN" / "COMMIT" [✔]
  Database.SQLite.Simple 只在 Aapms.Store.Edit 與 Aapms.Store.Write 被 import(Node/Create 不 import) [✔]
graph-core/F009 MultiVault
  建立、上限與生命週期
    LAW-1: 去重與上限(maxAttachedVaults == 10)
      maxAttachedVaults == 10 [✔]
      10 個兩兩相異的 vault 成功,vaultSetIds 依原順序 [✔]
      11 個兩兩相異的 vault -> TooManyVaults 11 10 [✔]
      *非退化*:同一個 vault(同路徑)重複到清單長度 > 上限,但去重後 <= 上限時仍成功 [✔]
    LAW-1b: 撞號(VaultIdCollision),優先於上限
      兩個不同路徑帶著相同 vmId,且清單長度 <= 上限時 -> Left (VaultIdCollision v p q) [✔]
      *非退化*:撞號且清單長度 > 上限時仍是 VaultIdCollision,不是 TooManyVaults [✔]
    LAW-2: closeVaultSet 之後,單一 vault 的讀取不受影響
      closeVaultSet vs 之後 listNodes hA f 與之前逐筆相同,closeVault hA 仍正常完成 [✔]
    LAW-3: VaultSet 不改變單一 vault 的讀取行為(任意次數的 *Across 之後)
      listNodes hA f 與 search hA q 在多次 *Across 呼叫前後逐筆相同 [✔]
    EX-6: 第 11 個 vault -> TooManyVaults,10 個成功
      11 個 vmId 兩兩相異的把手 -> Left (TooManyVaults 11 10) [✔]
      其中任意 10 個 -> Right,長度 10 [✔]
    EX-7: 同一個路徑重複傳 -> 保序去重
      openVaultSet [hA, hB, hA2](hA2 是對同路徑再開一次)-> vaultSetIds == [vidA, vidB] [✔]
    EX-13: 異路徑撞號 -> VaultIdCollision(不是 Right、也不是去重後的成功)
      openVaultSet [hA, hB, hA'] -> Left (VaultIdCollision vidA <hA 的 vhRoot> <hA' 的 vhRoot>) [✔]
    EX-14: 撞號優先於上限
      11 個 vmId 相異的把手,其中一個換成 F-A 的複製 -> Left (VaultIdCollision …),不是 TooManyVaults [✔]
  listAcross
    LAW-4: listAcross 的多重集合等於逐 vault listNodes 的多重集合
      emptyNodeFilter(wide)下,listAcross 與逐 vault listNodes 串接後相同(視為多重集合) [✔]
      *非退化*:8 個維度各自的非預設值也都跟逐 vault listNodes 一致,且對預設值造成真實差異 [✔]
    LAW-5: 全域排序(metaId 遞增,平手比 vault)
      listAcross vs (wide f) 相鄰兩筆滿足 metaId 遞增,或平手時 vault 遞增 [✔]
    LAW-6: 分頁是對整體切窗
      listAcross vs f{offset=j,limit=k} == take k (drop j (listAcross vs (wide f)))(涵蓋跨界與落在後段兩種窗) [✔]
    LAW-7: listAcross 每筆的 vault 欄與 metaVault 一致
      每筆 (v, m) 滿足 metaVault m == v,且 v 屬於 vaultSetIds vs [✔]
    EX-2: 排序與分頁跨 vault
      listAcross vsAB (nfPrefixes=[PEnt], nfLimit=10) 依序是 [A01,B01,B03,A05,A07] [✔]
      第二次 listAcross vsAB (nfPrefixes=[PEnt], offset=1, limit=2) 是 [B01,B03] [✔]
    EX-16: nfIncludeReference 的裸表名之一(packs 的 reference 子查詢)
      預設排除兩個 vault 的 reference pack 與其 asset;True 時兩邊都回,差集恰是兩個 vault 的 reference 節點聯集 [✔]
    EX-17: nfTags 的裸表名之二(node_tags 存在性子查詢)
      nfTags=[琳達] 只回 A 的 ent-00000001 [✔]
      nfTags=[藥水] 只回 B 的 ast-00000002 [✔]
      nfTags=[canon] 兩筆都回(各一) [✔]
      nfTags=[琳達,藥水](AND)回 [] [✔]
  searchAcross
    LAW-8: searchAcross 逐 vault 等價(四欄逐欄相同)
      srHits (searchAcross vs q') 的多重集合等於 concat [srHits (search h q') | h <- hs] 的多重集合 [✔]
        passed 100 tests.
    LAW-9: searchAcross 全域排序(score 遞減,平手比 metaId,再平手比 vault)
      srHits 相鄰兩筆滿足排序關係(以「手記」為查詢字,詞頻/文件長度刻意不同以提高交錯機率) [✔]
    LAW-10: searchAcross 分頁與 srTotal
      分頁是對整體切窗;srTotal 對分頁不敏感;srTotal 等於逐 vault srTotal 之和 [✔]
    LAW-11: searchAcross 每筆 vault 欄一致(檢索側)
      每筆 x 滿足 metaVault (shMeta x) == shVault x,且 shVault x 屬於 vaultSetIds vs [✔]
    LAW-12: facet
      sqFacets 控制 srFacets 的 Just/Nothing [✔]
        passed 100 tests.
      fcVaults 恰是命中數 > 0 的 vault 各一筆,計數等於該 vault 單獨 srTotal,總和等於 srTotal [✔]
      *非退化*:fcTypes/fcTags 的求和(canon 標籤兩邊都有,求和才與取其中一個不同) [✔]
      facet 不因該維度自己的過濾條件改變(比照 F007 LAW-17) [✔]
      *非退化*(零命中的 vault 不出現在 fcVaults):只有一個 vault 命中的查詢字 [✔]
    EX-1: searchAcross 一次回兩種 vault
      searchAcross vsAB {sqText = Just 藥水} 恰兩筆,各自 shVault/metaId 正確 [✔]
    EX-12: facet 的 vault 維度跨 vault;VaultSet 不接管把手的生命週期
      fcVaults 依值遞增(計數相同時);closeVaultSet 之後 hA 仍可正常讀取與關閉 [✔]
  lookupRef
    LAW-13: 帶 vault 的 Ref 只認自己那個 vault
      lookupRef vs v (Ref (Just (vid h)) i) 等於 fmap ((,) (vid h)) <$> lookupNode h i(v == vid h 與 v /= vid h 都要驗) [✔]
    LAW-14: 預設 vault
      lookupRef vs v (Ref Nothing i) == lookupRef vs v (Ref (Just v) i) [✔]
    LAW-15: vault 不在集合裡 -> Nothing
      目標 vault 不屬於 vaultSetIds vs 時,即使 id 在集合裡的某個 vault 真的存在也回 Nothing [✔]
    EX-3: 不帶 vault 的 Ref 以呼叫端指定的預設 vault 解析
      lookupRef vsAB vidA (Ref Nothing ent-00000001) 與 lookupRef vsAB vidB (Ref Nothing ent-00000001) 分別是 A/B 的節點 [✔]
    EX-4: 帶 vault 的 Ref 覆蓋預設 vault
      lookupRef vsAB vidA (Ref (Just vidB) ent-00000001) -> Just (vidB, B 的節點) [✔]
    EX-5: 目標 vault 不在集合裡
      lookupRef vsAB vidA (Ref (Just vidAbsent) ent-00000001) -> Nothing [✔]
  checkReferences
    LAW-16: checkReferences 完整且不多報
      checkReferences vsAB hA(視為集合)等於用 loadLinkGraph/lookupRef/vaultSetIds 重新推導出的懸空清單 [✔]
    LAW-17: renderDanglingRef
      非空、含 renderId drSource 與 renderRef drTarget 子字串、至少一段以「請」起頭;兩種成因訊息不相等 [✔]
    EX-8: 兩種懸空都找得到,解析得到的那一筆不會被誤報
      checkReferences vsAB hA 恰兩筆(TargetNodeMissing 一筆、TargetVaultAbsent 一筆),uses 那筆不出現 [✔]
    EX-9: renderDanglingRef 兩則訊息
      兩則都非空、互不相等,各含 ent-00000001,分別含 vlt-aaaa0001:ent-0000dead 與 vlt-cccc0003:ent-00000001,都有以「請」起頭的子句 [✔]
  退化情形
    LAW-18: 空集合
      openVaultSet [] -> Right vs,vaultSetIds == [],*Across 全空,lookupRef 全 Nothing,checkReferences 全 TargetVaultAbsent [✔]
    LAW-19: 單一 vault 退化成 F006/F007
      openVaultSet [hA] 之後,listAcross/searchAcross 逐筆等於 listNodes/search [✔]
    EX-10: 空集合不是錯誤,空集合下 checkReferences 對每一筆關聯都回 TargetVaultAbsent
      listAcross/searchAcross/lookupRef 全空;checkReferences hA 的每一筆(三筆)都是 TargetVaultAbsent [✔]
    EX-11: 單一 vault 退化
      listAcross 逐筆等於 listNodes hA;每筆 fst == vidA;searchAcross 逐欄等於 search hA [✔]
  StoreError 新增建構子
    LAW-20: TooManyVaults / VaultIdCollision 的 renderStoreError
      非空、含指定的數字/路徑文字、至少一段以「請」起頭;n /= limit 且 p /= q 時兩則訊息互不相等 [✔]
        passed 100 tests.
    EX-15: renderStoreError 的兩則訊息
      TooManyVaults 11 10 與 VaultIdCollision vlt-aaaa0001 C:/a C:/b [✔]
graph-core/E001 Aapms.Store.Walk
  REG-3 / EX-3 / EX-4: vaultMarkdownFiles
    EX-3: 略過 . 開頭目錄與非 .md 檔,只回排序後的 .md 相對路徑(= 搬移前 IndexSpec STEP-3) [✔]
    EX-4: 完全空的 vault 目錄回 [] [✔]
    REG-3: 任意根層檔案與 . 開頭子目錄組合,回傳值 = 排序後、根層 .md 檔名的集合 [✔]
      passed 100 tests.
  REG-4 / EX-5: statOf
    EX-5: 不存在的路徑回 Left 的 StoreError,不拋例外 [✔]
    REG-4: 現存檔案 statOf 結果的第二個分量(size)= 檔案的實際位元組數 [✔]
      passed 100 tests.
    EX-6: 內容恰為 5 個位元組的檔,statOf 回 Right (m, 5)——第二個分量是 5 [✔]
    REG-4: 同一個未變動的檔案重複 statOf 兩次,結果相同 [✔]
      passed 100 tests.
graph-core/E001 cabal 可見度界線
  LAW-1 / LAW-2 / EX-1: library exposed-modules / other-modules
    LAW-1: exposed-modules 不含 Aapms.Store.Edit / .Node / .Row / .Row.Sql / .Walk [✔]
    LAW-2: other-modules 都含 Aapms.Store.Edit / .Node / .Row / .Row.Sql / .Walk [✔]
    EX-1: exposed-modules 14 項 + other-modules 5 項 = 19,對帳 [✔]
  LAW-3: aapms-store-test stanza
    build-depends 不含 aapms-store 套件相依,hs-source-dirs 同時含 src 與 test [✔]
  LAW-4: Aapms.Store.Index 匯出清單
    匯出清單那一段(module ... 到 ) where 之前)不含 vaultMarkdownFiles / statOf [✔]
  REG-1 / EX-2: 門面完整性
    EX-2: 只 import Aapms.Store(...)列出契約 E 的全部符號各引用一次,編譯即通過 [✔]
graph-core/B001 vault 目錄配置(system.md:439)
  LAW-1 / LAW-2: 每一份 fixture 的檔案組都符合主架構
    Fixtures.storyVaultFiles:licenses.md 在 library/ 下、pack.md 以 library/ 起頭 [✔]
    Fixtures.assetVaultFiles:licenses.md 在 library/ 下、pack.md 以 library/ 起頭 [✔]
    MultiVaultSpec.vaultAFiles:licenses.md 在 library/ 下、pack.md 以 library/ 起頭 [✔]
    MultiVaultSpec.vaultBFiles:licenses.md 在 library/ 下、pack.md 以 library/ 起頭 [✔]
    SearchSpec.ftsVaultFiles:licenses.md 在 library/ 下、pack.md 以 library/ 起頭 [✔]
  EX-3: 判準本身抓得到違規
    對刻意寫錯的檔案組,逐條回出 licenses.md 與 pack.md 的違規路徑 [✔]

Finished in 37.9783 seconds
334 examples, 0 failures
Test suite aapms-store-test: PASS
Test suite logged to:
C:\Users\User\Documents\alchbees-dev\story-flow\dist-newstyle\build\x86_64-windows\ghc-9.14.1\aapms-store-0.1.0.0\t\aapms-store-test\test\aapms-store-0.1.0.0-aapms-store-test.log
1 of 1 test suites (1 of 1 test cases) passed.
